2026-08-18 03:29:58,870 - INFO - Product added: P-001 - Wireless Mouse
2026-08-18 03:30:19,667 - INFO - Product added: P-001 - Wireless Mouse
2026-08-19 04:12:20,363 - INFO - Product added: P-001 - Wireless Mouse
2026-08-24 17:22:01,344 - INFO - Product added: P-001 - Wireless Mouse
2026-08-24 17:22:01,350 - INFO - Product added: P-001 - Wireless Mouse
2026-08-24 17:22:01,350 - INFO - Product updated: P-001
2026-08-24 17:27:27,801 - INFO - Product added: P-001 - Wireless Mouse
2026-08-24 17:27:27,807 - INFO - Product added: P-001 - Wireless Mouse
2026-08-24 17:27:27,807 - INFO - Product updated: P-001
2026-08-24 17:27:27,815 - INFO - Product added: P-001 - Wireless Mouse
2026-08-24 17:27:27,815 - INFO - Product deleted: P-001
2026-08-24 17:27:27,820 - INFO - Product added: P-001 - Wireless Mouse
2026-08-24 17:27:27,820 - INFO - Product deleted: P-001
2026-08-25 15:39:47,395 - INFO - Supplier added: S-001 - Tech Supply Co.
2026-08-25 15:39:47,404 - INFO - Supplier added: S-001 - Tech Supply Co.
2026-08-25 15:39:47,405 - INFO - Supplier updated: S-001
2026-08-25 15:39:47,412 - INFO - Supplier added: S-001 - Tech Supply Co.
2026-08-25 15:39:47,413 - INFO - Supplier deleted: S-001
2026-08-25 15:40:22,333 - INFO - Product added: P-001 - Keyboard
2026-08-25 15:40:22,334 - INFO - Stock added: P-001 quantity 8
2026-08-25 15:40:22,337 - INFO - Product added: P-002 - Monitor
2026-08-25 15:40:22,338 - INFO - Product sold: P-002 quantity 3
2026-08-25 15:40:22,340 - INFO - Product added: P-003 - Mouse
2026-08-25 15:40:22,344 - INFO - Product added: P-004 - Laptop Stand
2026-08-25 15:40:34,679 - INFO - Product added: P-001 - Keyboard
2026-08-25 15:40:34,680 - INFO - Product added: P-002 - Monitor
2026-08-25 15:40:34,681 - INFO - Product added: P-003 - Mouse
2026-08-25 15:40:46,569 - INFO - Supplier added: S-001 - Tech Supply Co.
2026-08-25 15:40:46,569 - INFO - Supplier added: S-002 - Office Goods
2026-08-25 15:40:46,570 - INFO - Product added: P-001 - Keyboard
2026-08-25 15:40:46,570 - INFO - Product added: P-002 - Monitor
2026-08-25 15:41:13,229 - INFO - Product added: P-001 - Keyboard
2026-08-25 15:41:13,236 - INFO - Product added: P-002 - Mouse
2026-08-25 15:44:14,986 - INFO - inventory test message
2026-08-26 20:46:01,810 - INFO - Product added: P-001 - Keyboard
2026-08-26 20:46:01,849 - INFO - Product added: P-002 - Mouse
2026-08-26 20:46:01,854 - INFO - inventory test message
2026-08-26 20:46:01,874 - INFO - Product added: P-001 - Keyboard
2026-08-26 20:46:01,875 - INFO - Product added: P-002 - Monitor
2026-08-26 20:46:01,875 - INFO - Product added: P-003 - Mouse
2026-08-26 20:46:01,922 - INFO - Product added: P-001 - Wireless Mouse
2026-08-26 20:46:01,953 - INFO - Product added: P-001 - Wireless Mouse
2026-08-26 20:46:01,954 - INFO - Product updated: P-001
2026-08-26 20:46:01,962 - INFO - Product added: P-001 - Wireless Mouse
2026-08-26 20:46:01,963 - INFO - Product deleted: P-001
2026-08-26 20:46:01,974 - INFO - Product added: P-001 - Wireless Mouse
2026-08-26 20:46:01,975 - INFO - Product deleted: P-001
2026-08-26 20:46:01,986 - INFO - Supplier added: S-001 - Tech Supply Co.
2026-08-26 20:46:01,987 - INFO - Supplier added: S-002 - Office Goods
2026-08-26 20:46:01,989 - INFO - Product added: P-001 - Keyboard
2026-08-26 20:46:01,990 - INFO - Product added: P-002 - Monitor
2026-08-26 20:46:02,000 - INFO - Product added: P-001 - Keyboard
2026-08-26 20:46:02,001 - INFO - Stock added: P-001 quantity 8
2026-08-26 20:46:02,005 - INFO - Product added: P-002 - Monitor
2026-08-26 20:46:02,007 - INFO - Product sold: P-002 quantity 3
2026-08-26 20:46:02,013 - INFO - Product added: P-003 - Mouse
2026-08-26 20:46:02,020 - INFO - Product added: P-004 - Laptop Stand
2026-08-26 20:46:02,028 - INFO - Supplier added: S-001 - Tech Supply Co.
2026-08-26 20:46:02,047 - INFO - Supplier added: S-001 - Tech Supply Co.
2026-08-26 20:46:02,052 - INFO - Supplier updated: S-001
2026-08-26 20:46:02,068 - INFO - Supplier added: S-001 - Tech Supply Co.
2026-08-26 20:46:02,069 - INFO - Supplier deleted: S-001
