2026-08-31 22:13:56,713 - INFO - Loaded 8 employee records.
2026-08-31 22:14:06,020 - INFO - Loaded 8 employee records.
2026-09-02 20:50:08,559 - INFO - Loaded 11 employee records.
2026-09-02 20:50:08,564 - INFO - Loaded 11 employee records.
2026-09-02 20:50:08,573 - INFO - Loaded 11 employee records.
2026-09-02 20:50:08,575 - INFO - Employee data filtered.
2026-09-02 20:50:08,579 - INFO - Loaded 11 employee records.
2026-09-02 20:50:08,586 - INFO - Department analysis calculated.
2026-09-02 20:50:08,589 - INFO - Loaded 11 employee records.
2026-09-02 20:50:08,589 - INFO - Employee data sorted by salary.
2026-09-02 20:50:08,593 - INFO - Loaded 11 employee records.
2026-09-02 20:50:08,595 - INFO - Employee statistics calculated.
2026-09-02 20:50:09,625 - INFO - Loaded 11 employee records.
2026-09-02 20:50:09,627 - INFO - Employee statistics calculated.
2026-09-02 20:50:09,636 - INFO - Cleaned data created with 10 records.
2026-09-02 20:50:09,637 - INFO - Employee statistics calculated.
2026-09-02 20:50:09,638 - INFO - Report generated: summary_report.txt
2026-09-02 20:50:09,641 - INFO - Department analysis calculated.
2026-09-02 20:50:09,642 - INFO - Report generated: department_report.txt
2026-09-02 20:50:09,645 - INFO - Report generated: data_quality_report.txt
2026-09-02 20:50:09,646 - INFO - All reports generated.
2026-09-02 20:50:10,822 - INFO - Loaded 11 employee records.
2026-09-02 20:50:10,824 - INFO - Loaded 11 employee records.
2026-09-02 20:50:10,831 - INFO - Loaded 11 employee records.
2026-09-02 20:50:10,832 - INFO - Employee data filtered.
2026-09-02 20:50:10,834 - INFO - Loaded 11 employee records.
2026-09-02 20:50:10,838 - INFO - Department analysis calculated.
2026-09-02 20:50:10,840 - INFO - Loaded 11 employee records.
2026-09-02 20:50:10,841 - INFO - Employee data sorted by salary.
2026-09-02 20:50:10,843 - INFO - Loaded 11 employee records.
2026-09-02 20:50:10,843 - INFO - Employee statistics calculated.
2026-09-02 20:50:11,717 - INFO - Loaded 11 employee records.
2026-09-02 20:50:11,719 - INFO - Employee statistics calculated.
2026-09-02 20:50:11,730 - INFO - Cleaned data created with 10 records.
2026-09-02 20:50:11,731 - INFO - Employee statistics calculated.
2026-09-02 20:50:11,731 - INFO - Report generated: summary_report.txt
2026-09-02 20:50:11,739 - INFO - Department analysis calculated.
2026-09-02 20:50:11,740 - INFO - Report generated: department_report.txt
2026-09-02 20:50:11,742 - INFO - Report generated: data_quality_report.txt
2026-09-02 20:50:11,742 - INFO - All reports generated.
2026-09-02 20:50:26,351 - INFO - Loaded 11 employee records.
2026-09-02 20:50:26,353 - INFO - Loaded 11 employee records.
2026-09-02 20:50:26,358 - INFO - Loaded 11 employee records.
2026-09-02 20:50:26,360 - INFO - Employee data filtered.
2026-09-02 20:50:26,362 - INFO - Loaded 11 employee records.
2026-09-02 20:50:26,368 - INFO - Department analysis calculated.
2026-09-02 20:50:26,371 - INFO - Loaded 11 employee records.
2026-09-02 20:50:26,371 - INFO - Employee data sorted by salary.
2026-09-02 20:50:26,373 - INFO - Loaded 11 employee records.
2026-09-02 20:50:26,373 - INFO - Employee statistics calculated.
2026-09-02 20:51:05,883 - INFO - Loaded 11 employee records.
2026-09-02 20:51:05,888 - INFO - Loaded 11 employee records.
2026-09-02 20:51:05,897 - INFO - Loaded 11 employee records.
2026-09-02 20:51:05,898 - INFO - Employee data filtered.
2026-09-02 20:51:05,907 - INFO - Loaded 11 employee records.
2026-09-02 20:51:05,911 - INFO - Department analysis calculated.
2026-09-02 20:51:05,916 - INFO - Loaded 11 employee records.
2026-09-02 20:51:05,917 - INFO - Employee data sorted by salary.
2026-09-02 20:51:05,919 - INFO - Loaded 11 employee records.
2026-09-02 20:51:05,920 - INFO - Employee statistics calculated.
2026-09-02 20:51:06,799 - INFO - Loaded 11 employee records.
2026-09-02 20:51:06,801 - INFO - Employee statistics calculated.
2026-09-02 20:51:06,805 - INFO - Cleaned data created with 10 records.
2026-09-02 20:51:06,806 - INFO - Employee statistics calculated.
2026-09-02 20:51:06,807 - INFO - Report generated: summary_report.txt
2026-09-02 20:51:06,811 - INFO - Department analysis calculated.
2026-09-02 20:51:06,812 - INFO - Report generated: department_report.txt
2026-09-02 20:51:06,813 - INFO - Report generated: data_quality_report.txt
2026-09-02 20:51:06,813 - INFO - All reports generated.
2026-09-02 20:51:38,565 - INFO - Loaded 11 employee records.
2026-09-02 20:51:38,567 - INFO - Loaded 11 employee records.
2026-09-02 20:51:38,575 - INFO - Loaded 11 employee records.
2026-09-02 20:51:38,576 - INFO - Employee data filtered.
2026-09-02 20:51:38,578 - INFO - Loaded 11 employee records.
2026-09-02 20:51:38,584 - INFO - Department analysis calculated.
2026-09-02 20:51:38,588 - INFO - Loaded 11 employee records.
2026-09-02 20:51:38,589 - INFO - Employee data sorted by salary.
2026-09-02 20:51:38,591 - INFO - Loaded 11 employee records.
2026-09-02 20:51:38,592 - INFO - Employee statistics calculated.
2026-09-02 20:51:39,510 - INFO - Application started.
2026-09-02 20:51:39,516 - INFO - Loaded 11 employee records.
2026-09-02 20:51:39,518 - INFO - Employee statistics calculated.
2026-09-02 20:51:39,523 - INFO - Employee statistics calculated.
2026-09-02 20:51:39,524 - INFO - Report generated: summary_report.txt
2026-09-02 20:51:39,528 - INFO - Department analysis calculated.
2026-09-02 20:51:39,529 - INFO - Report generated: department_report.txt
2026-09-02 20:51:39,531 - INFO - Report generated: data_quality_report.txt
2026-09-02 20:51:39,531 - INFO - All reports generated.
2026-09-03 18:38:51,350 - INFO - Loaded 11 employee records.
2026-09-03 18:38:51,352 - INFO - Loaded 11 employee records.
2026-09-03 18:38:51,359 - INFO - Loaded 11 employee records.
2026-09-03 18:38:51,361 - INFO - Employee data filtered.
2026-09-03 18:38:51,363 - INFO - Loaded 11 employee records.
2026-09-03 18:38:51,368 - INFO - Department analysis calculated.
2026-09-03 18:38:51,370 - INFO - Loaded 11 employee records.
2026-09-03 18:38:51,370 - INFO - Employee data sorted by salary.
2026-09-03 18:38:51,373 - INFO - Loaded 11 employee records.
2026-09-03 18:38:51,373 - INFO - Employee statistics calculated.
2026-09-03 18:38:52,563 - INFO - CSV file not found: employees.csv
2026-09-03 18:38:52,587 - INFO - CSV file not found: employees.csv
2026-09-03 18:38:52,588 - INFO - CSV file not found: employees.csv
2026-09-03 18:38:52,590 - INFO - CSV file not found: employees.csv
2026-09-03 18:38:52,591 - INFO - CSV file not found: employees.csv
2026-09-03 18:38:52,599 - INFO - CSV file not found: employees.csv
2026-09-03 18:38:52,600 - INFO - CSV file not found: employees.csv
2026-09-03 18:38:52,608 - INFO - CSV file not found: employees.csv
2026-09-03 18:38:52,609 - INFO - CSV file not found: employees.csv
2026-09-03 18:38:52,617 - INFO - CSV file not found: employees.csv
2026-09-03 18:38:52,619 - INFO - CSV file not found: employees.csv
2026-09-03 18:38:52,646 - INFO - CSV file not found: employees.csv
2026-09-03 18:38:52,656 - INFO - CSV file not found: employees.csv
2026-09-03 18:38:52,657 - INFO - CSV file not found: employees.csv
2026-09-03 18:38:52,669 - INFO - CSV file not found: employees.csv
2026-09-03 18:38:52,676 - INFO - CSV file not found: C:\Users\mudab\AppData\Local\Temp\tmp13_pg5v5\missing.csv
2026-09-03 18:38:52,677 - INFO - CSV file is empty.
2026-09-03 18:38:52,683 - INFO - Invalid CSV: Error tokenizing data. C error: EOF inside string starting at row 2
2026-09-03 18:38:52,689 - INFO - CSV is missing required columns: id, department, salary.
2026-09-03 18:38:53,387 - INFO - Application started.
2026-09-03 18:38:53,390 - INFO - Loaded 11 employee records.
2026-09-03 18:38:53,404 - INFO - Employee data filtered.
2026-09-03 18:38:53,405 - INFO - Employee statistics calculated.
2026-09-03 18:38:53,405 - INFO - Report generated: summary_report.txt
2026-09-03 18:38:53,409 - INFO - Department analysis calculated.
2026-09-03 18:38:53,410 - INFO - Report generated: department_report.txt
2026-09-03 18:38:53,412 - INFO - Report generated: data_quality_report.txt
2026-09-03 18:38:53,412 - INFO - All reports generated.
2026-09-03 18:40:16,045 - INFO - Loaded 11 employee records.
2026-09-03 18:40:16,046 - INFO - Loaded 11 employee records.
2026-09-03 18:40:16,050 - INFO - Loaded 11 employee records.
2026-09-03 18:40:16,051 - INFO - Employee data filtered.
2026-09-03 18:40:16,052 - INFO - Loaded 11 employee records.
2026-09-03 18:40:16,055 - INFO - Department analysis calculated.
2026-09-03 18:40:16,057 - INFO - Loaded 11 employee records.
2026-09-03 18:40:16,057 - INFO - Employee data sorted by salary.
2026-09-03 18:40:16,059 - INFO - Loaded 11 employee records.
2026-09-03 18:40:16,059 - INFO - Employee statistics calculated.
2026-09-03 18:40:17,434 - INFO - Application started.
2026-09-03 18:40:17,438 - INFO - Loaded 11 employee records.
2026-09-03 18:40:17,449 - INFO - Employee data sorted by name.
2026-09-03 18:40:17,452 - INFO - Employee statistics calculated.
2026-09-03 18:40:17,459 - INFO - Department analysis calculated.
2026-09-03 18:40:17,469 - INFO - Cleaned data created with 10 records.
2026-09-03 18:40:17,471 - INFO - Employee statistics calculated.
2026-09-03 18:40:17,472 - INFO - Report generated: summary_report.txt
2026-09-03 18:40:17,475 - INFO - Department analysis calculated.
2026-09-03 18:40:17,476 - INFO - Report generated: department_report.txt
2026-09-03 18:40:17,478 - INFO - Report generated: data_quality_report.txt
2026-09-03 18:40:17,478 - INFO - All reports generated.
2026-09-03 18:40:34,132 - INFO - Application started.
2026-09-03 18:40:34,135 - INFO - Loaded 11 employee records.
2026-09-03 18:40:34,141 - INFO - Employee data sorted by name.
2026-09-03 18:40:34,142 - INFO - Employee statistics calculated.
2026-09-03 18:40:34,146 - INFO - Department analysis calculated.
2026-09-03 18:40:34,150 - INFO - Cleaned data created with 10 records.
2026-09-03 18:40:34,151 - INFO - Employee statistics calculated.
2026-09-03 18:40:34,152 - INFO - Report generated: summary_report.txt
2026-09-03 18:40:34,154 - INFO - Department analysis calculated.
2026-09-03 18:40:34,155 - INFO - Report generated: department_report.txt
2026-09-03 18:40:34,157 - INFO - Report generated: data_quality_report.txt
2026-09-03 18:40:34,157 - INFO - All reports generated.
2026-09-03 18:42:17,707 - INFO - Loaded 11 employee records.
2026-09-03 18:42:17,708 - INFO - Employee statistics calculated.
2026-09-03 18:42:17,718 - INFO - Employee data filtered.
2026-09-03 18:42:17,719 - INFO - Employee data filtered.
2026-09-03 18:42:17,719 - INFO - Employee data filtered.
2026-09-03 18:42:17,720 - INFO - Employee data sorted by name.
2026-09-03 18:42:17,720 - INFO - Employee data sorted by name.
2026-09-03 18:42:17,721 - INFO - Employee data sorted by age.
2026-09-03 18:42:17,721 - INFO - Employee data sorted by salary.
2026-09-03 18:42:17,722 - INFO - Employee data sorted by department.
2026-09-03 18:42:17,725 - INFO - Department analysis calculated.
2026-09-03 18:42:17,730 - INFO - Cleaned data created with 10 records.
2026-09-03 18:42:17,734 - INFO - CSV file not found: C:\Users\mudab\AppData\Local\Temp\csv-fixtures-9gl69wke\missing.csv
2026-09-03 18:42:17,734 - INFO - CSV file is empty.
2026-09-03 18:42:17,745 - INFO - CSV is missing required columns: salary.
2026-09-03 18:42:17,756 - INFO - Invalid CSV: Error tokenizing data. C error: EOF inside string starting at row 1
2026-09-03 18:42:17,758 - INFO - Employee statistics calculated.
2026-09-03 18:42:17,758 - INFO - Report generated: summary_report.txt
2026-09-03 18:42:17,761 - INFO - Department analysis calculated.
2026-09-03 18:42:17,762 - INFO - Report generated: department_report.txt
2026-09-03 18:42:17,764 - INFO - Report generated: data_quality_report.txt
2026-09-03 18:42:17,764 - INFO - All reports generated.
2026-09-03 18:42:18,424 - INFO - Application started.
2026-09-03 18:42:18,430 - INFO - Loaded 11 employee records.
2026-09-03 18:42:18,445 - INFO - Employee statistics calculated.
2026-09-03 18:42:18,451 - INFO - Department analysis calculated.
2026-09-03 18:42:18,457 - INFO - Cleaned data created with 10 records.
2026-09-03 18:42:18,460 - INFO - Employee statistics calculated.
2026-09-03 18:42:18,461 - INFO - Report generated: summary_report.txt
2026-09-03 18:42:18,464 - INFO - Department analysis calculated.
2026-09-03 18:42:18,464 - INFO - Report generated: department_report.txt
2026-09-03 18:42:18,466 - INFO - Report generated: data_quality_report.txt
2026-09-03 18:42:18,466 - INFO - All reports generated.
2026-09-03 18:43:30,553 - INFO - CSV is missing required columns: id.
2026-09-03 18:43:30,554 - INFO - CSV is missing required columns: id.
2026-09-03 18:43:30,569 - INFO - CSV is missing required columns: id.
2026-09-03 18:43:30,570 - INFO - CSV is missing required columns: id.
2026-09-03 18:43:30,571 - INFO - CSV is missing required columns: id.
2026-09-03 18:43:30,572 - INFO - CSV is missing required columns: id.
2026-09-03 18:43:30,579 - INFO - CSV is missing required columns: id.
2026-09-03 18:43:30,580 - INFO - CSV is missing required columns: id.
2026-09-03 18:44:08,040 - INFO - Loaded 2 employee records.
2026-09-03 18:44:08,048 - INFO - Cleaned data created with 2 records.
2026-09-03 18:44:34,942 - INFO - Loaded 2 employee records.
2026-09-03 18:44:34,948 - INFO - Cleaned data created with 2 records.
2026-09-03 18:45:06,684 - INFO - Loaded 2 employee records.
2026-09-03 18:45:06,687 - INFO - Cleaned data created with 2 records.
2026-09-03 18:45:06,709 - INFO - Loaded 5 employee records.
2026-09-03 18:45:06,710 - INFO - Employee data filtered.
2026-09-03 18:45:06,722 - INFO - Cleaned data created with 5 records.
2026-09-03 18:45:06,734 - INFO - Loaded 3 employee records.
2026-09-03 18:45:06,737 - INFO - Cleaned data created with 3 records.
2026-09-04 22:05:59,808 - INFO - Loaded 11 employee records.
2026-09-04 22:05:59,813 - INFO - Loaded 11 employee records.
2026-09-04 22:05:59,851 - INFO - Loaded 11 employee records.
2026-09-04 22:05:59,853 - INFO - Employee data filtered.
2026-09-04 22:05:59,857 - INFO - Loaded 11 employee records.
2026-09-04 22:05:59,871 - INFO - Department analysis calculated.
2026-09-04 22:05:59,876 - INFO - Loaded 11 employee records.
2026-09-04 22:05:59,878 - INFO - Employee data sorted by salary.
2026-09-04 22:05:59,883 - INFO - Loaded 11 employee records.
2026-09-04 22:05:59,884 - INFO - Employee statistics calculated.
2026-09-04 22:06:57,375 - INFO - Loaded 11 employee records.
2026-09-04 22:06:57,398 - INFO - Employee statistics calculated.
2026-09-04 22:06:57,402 - INFO - Department analysis calculated.
2026-09-04 22:06:57,411 - INFO - Cleaned data created with 10 records.
2026-09-04 22:06:57,417 - INFO - CSV file not found: C:\Users\mudab\AppData\Local\Temp\csv-gap-9kh1s6zi\x.csv
2026-09-04 22:06:57,418 - INFO - CSV file not found: C:\Users\mudab\AppData\Local\Temp\csv-gap-9kh1s6zi\x.csv
2026-09-04 22:06:57,418 - INFO - CSV file not found: C:\Users\mudab\AppData\Local\Temp\csv-gap-9kh1s6zi\x.csv
2026-09-04 22:06:57,418 - INFO - CSV file not found: C:\Users\mudab\AppData\Local\Temp\csv-gap-9kh1s6zi\x.csv
2026-09-04 22:06:57,418 - INFO - CSV file not found: C:\Users\mudab\AppData\Local\Temp\csv-gap-9kh1s6zi\x.csv
2026-09-04 22:06:57,420 - INFO - CSV file is empty.
2026-09-04 22:06:57,420 - INFO - CSV file is empty.
2026-09-04 22:06:57,421 - INFO - CSV file is empty.
2026-09-04 22:06:57,421 - INFO - CSV file is empty.
2026-09-04 22:06:57,421 - INFO - CSV file is empty.
2026-09-04 22:06:57,435 - INFO - Invalid CSV: Error tokenizing data. C error: EOF inside string starting at row 2
2026-09-04 22:06:57,435 - INFO - Invalid CSV: Error tokenizing data. C error: EOF inside string starting at row 2
2026-09-04 22:06:57,436 - INFO - Invalid CSV: Error tokenizing data. C error: EOF inside string starting at row 2
2026-09-04 22:06:57,436 - INFO - Invalid CSV: Error tokenizing data. C error: EOF inside string starting at row 2
2026-09-04 22:06:57,436 - INFO - Invalid CSV: Error tokenizing data. C error: EOF inside string starting at row 2
2026-09-04 22:06:57,450 - INFO - CSV is missing required columns: id, department.
2026-09-04 22:06:57,451 - INFO - CSV is missing required columns: id, department.
2026-09-04 22:06:57,452 - INFO - CSV is missing required columns: id, department.
2026-09-04 22:06:57,452 - INFO - CSV is missing required columns: id, department.
2026-09-04 22:06:57,453 - INFO - CSV is missing required columns: id, department.
2026-09-04 22:06:57,469 - INFO - CSV is missing required columns: id.
2026-09-04 22:06:57,470 - INFO - CSV is missing required columns: id.
2026-09-04 22:06:57,471 - INFO - CSV is missing required columns: id.
2026-09-04 22:06:57,472 - INFO - CSV is missing required columns: id.
2026-09-04 22:06:57,472 - INFO - CSV is missing required columns: id.
2026-09-04 22:06:57,483 - INFO - CSV is missing required columns: id.
2026-09-04 22:06:57,484 - INFO - CSV is missing required columns: id.
2026-09-04 22:06:57,485 - INFO - CSV is missing required columns: id.
2026-09-04 22:06:57,486 - INFO - CSV is missing required columns: id.
2026-09-04 22:06:57,486 - INFO - CSV is missing required columns: id.
2026-09-04 22:06:57,498 - INFO - CSV is missing required columns: id.
2026-09-04 22:06:57,499 - INFO - CSV is missing required columns: id.
2026-09-04 22:06:57,500 - INFO - CSV is missing required columns: id.
2026-09-04 22:06:57,500 - INFO - CSV is missing required columns: id.
2026-09-04 22:06:57,501 - INFO - CSV is missing required columns: id.
2026-09-04 22:06:57,512 - INFO - CSV is missing required columns: id.
2026-09-04 22:06:57,513 - INFO - CSV is missing required columns: id.
2026-09-04 22:06:57,514 - INFO - CSV is missing required columns: id.
2026-09-04 22:06:57,514 - INFO - CSV is missing required columns: id.
2026-09-04 22:06:57,515 - INFO - CSV is missing required columns: id.
2026-09-04 22:06:58,074 - INFO - Application started.
2026-09-04 22:06:58,078 - INFO - Loaded 11 employee records.
2026-09-04 22:06:58,087 - INFO - Employee data filtered.
2026-09-04 22:06:58,090 - INFO - Department analysis calculated.
2026-09-04 22:06:58,094 - INFO - Cleaned data created with 10 records.
2026-09-04 22:06:58,095 - INFO - Employee statistics calculated.
2026-09-04 22:06:58,095 - INFO - Report generated: summary_report.txt
2026-09-04 22:06:58,098 - INFO - Department analysis calculated.
2026-09-04 22:06:58,099 - INFO - Report generated: department_report.txt
2026-09-04 22:06:58,101 - INFO - Report generated: data_quality_report.txt
2026-09-04 22:06:58,101 - INFO - All reports generated.
2026-09-04 22:07:22,315 - INFO - Loaded 11 employee records.
2026-09-04 22:07:22,316 - INFO - Loaded 11 employee records.
2026-09-04 22:07:22,330 - INFO - Loaded 11 employee records.
2026-09-04 22:07:22,331 - INFO - Employee data filtered.
2026-09-04 22:07:22,332 - INFO - Loaded 11 employee records.
2026-09-04 22:07:22,335 - INFO - Department analysis calculated.
2026-09-04 22:07:22,337 - INFO - Loaded 11 employee records.
2026-09-04 22:07:22,337 - INFO - Employee data sorted by salary.
2026-09-04 22:07:22,339 - INFO - Loaded 11 employee records.
2026-09-04 22:07:22,339 - INFO - Employee statistics calculated.
2026-09-04 22:07:22,564 - INFO - Loaded 11 employee records.
2026-09-04 22:07:22,574 - INFO - Employee statistics calculated.
2026-09-04 22:07:22,578 - INFO - Department analysis calculated.
2026-09-04 22:07:22,580 - INFO - Cleaned data created with 10 records.
2026-09-04 22:07:22,581 - INFO - Cleaned data created with 10 records.
2026-09-04 22:07:22,583 - INFO - CSV file not found: C:\Users\mudab\AppData\Local\Temp\csv-check-vto7e33a\x.csv
2026-09-04 22:07:22,584 - INFO - CSV file not found: C:\Users\mudab\AppData\Local\Temp\csv-check-vto7e33a\x.csv
2026-09-04 22:07:22,584 - INFO - CSV file not found: C:\Users\mudab\AppData\Local\Temp\csv-check-vto7e33a\x.csv
2026-09-04 22:07:22,584 - INFO - CSV file not found: C:\Users\mudab\AppData\Local\Temp\csv-check-vto7e33a\x.csv
2026-09-04 22:07:22,585 - INFO - CSV file not found: C:\Users\mudab\AppData\Local\Temp\csv-check-vto7e33a\x.csv
2026-09-04 22:07:22,586 - INFO - CSV file is empty.
2026-09-04 22:07:22,587 - INFO - CSV file is empty.
2026-09-04 22:07:22,587 - INFO - CSV file is empty.
2026-09-04 22:07:22,588 - INFO - CSV file is empty.
2026-09-04 22:07:22,588 - INFO - CSV file is empty.
2026-09-04 22:07:22,591 - INFO - Invalid CSV: Error tokenizing data. C error: EOF inside string starting at row 2
2026-09-04 22:07:22,592 - INFO - Invalid CSV: Error tokenizing data. C error: EOF inside string starting at row 2
2026-09-04 22:07:22,592 - INFO - Invalid CSV: Error tokenizing data. C error: EOF inside string starting at row 2
2026-09-04 22:07:22,593 - INFO - Invalid CSV: Error tokenizing data. C error: EOF inside string starting at row 2
2026-09-04 22:07:22,593 - INFO - Invalid CSV: Error tokenizing data. C error: EOF inside string starting at row 2
2026-09-04 22:07:22,604 - INFO - CSV is missing required columns: id, salary.
2026-09-04 22:07:22,605 - INFO - CSV is missing required columns: id, salary.
2026-09-04 22:07:22,606 - INFO - CSV is missing required columns: id, salary.
2026-09-04 22:07:22,606 - INFO - CSV is missing required columns: id, salary.
2026-09-04 22:07:22,607 - INFO - CSV is missing required columns: id, salary.
2026-09-04 22:07:22,612 - INFO - CSV is missing required columns: id.
2026-09-04 22:07:22,614 - INFO - CSV is missing required columns: id.
2026-09-04 22:07:22,614 - INFO - CSV is missing required columns: id.
2026-09-04 22:07:22,617 - INFO - CSV is missing required columns: id.
2026-09-04 22:07:22,617 - INFO - CSV is missing required columns: id.
2026-09-04 22:07:22,622 - INFO - CSV is missing required columns: id.
2026-09-04 22:07:22,623 - INFO - CSV is missing required columns: id.
2026-09-04 22:07:22,623 - INFO - CSV is missing required columns: id.
2026-09-04 22:07:22,624 - INFO - CSV is missing required columns: id.
2026-09-04 22:07:22,625 - INFO - CSV is missing required columns: id.
2026-09-04 22:07:22,628 - INFO - CSV is missing required columns: id.
2026-09-04 22:07:22,629 - INFO - CSV is missing required columns: id.
2026-09-04 22:07:22,630 - INFO - CSV is missing required columns: id.
2026-09-04 22:07:22,631 - INFO - CSV is missing required columns: id.
2026-09-04 22:07:22,631 - INFO - CSV is missing required columns: id.
2026-09-04 22:07:23,214 - INFO - Application started.
2026-09-04 22:07:23,216 - INFO - Loaded 11 employee records.
2026-09-04 22:07:23,223 - INFO - Employee data filtered.
2026-09-04 22:07:23,224 - INFO - Employee data sorted by salary.
2026-09-04 22:07:23,225 - INFO - Employee statistics calculated.
2026-09-04 22:07:23,229 - INFO - Department analysis calculated.
2026-09-04 22:07:23,233 - INFO - Cleaned data created with 10 records.
2026-09-04 22:07:23,234 - INFO - Employee statistics calculated.
2026-09-04 22:07:23,234 - INFO - Report generated: summary_report.txt
2026-09-04 22:07:23,237 - INFO - Department analysis calculated.
2026-09-04 22:07:23,238 - INFO - Report generated: department_report.txt
2026-09-04 22:07:23,240 - INFO - Report generated: data_quality_report.txt
2026-09-04 22:07:23,240 - INFO - All reports generated.
2026-09-04 22:07:44,699 - INFO - Loaded 11 employee records.
2026-09-04 22:07:44,701 - INFO - Loaded 11 employee records.
2026-09-04 22:07:44,705 - INFO - Loaded 11 employee records.
2026-09-04 22:07:44,706 - INFO - Employee data filtered.
2026-09-04 22:07:44,707 - INFO - Loaded 11 employee records.
2026-09-04 22:07:44,710 - INFO - Department analysis calculated.
2026-09-04 22:07:44,712 - INFO - Loaded 11 employee records.
2026-09-04 22:07:44,712 - INFO - Employee data sorted by salary.
2026-09-04 22:07:44,713 - INFO - Loaded 11 employee records.
2026-09-04 22:07:44,714 - INFO - Employee statistics calculated.
2026-09-04 22:07:44,857 - INFO - Loaded 2 employee records.
2026-09-04 22:07:44,858 - INFO - Loaded 2 employee records.
2026-09-04 22:07:44,865 - INFO - Loaded 2 employee records.
2026-09-04 22:07:44,865 - INFO - Employee statistics calculated.
2026-09-04 22:07:44,866 - INFO - Loaded 2 employee records.
2026-09-04 22:07:44,870 - INFO - Department analysis calculated.
2026-09-04 22:07:44,871 - INFO - Loaded 2 employee records.
2026-09-04 22:07:44,873 - INFO - Cleaned data created with 2 records.
2026-09-04 22:07:44,884 - INFO - Loaded 1 employee records.
2026-09-04 22:07:44,885 - INFO - Loaded 1 employee records.
2026-09-04 22:07:44,889 - INFO - Loaded 1 employee records.
2026-09-04 22:07:44,890 - INFO - Loaded 1 employee records.
2026-09-04 22:07:44,893 - INFO - Loaded 1 employee records.
2026-09-04 22:07:44,904 - INFO - Cleaned data created with 1 records.
2026-09-04 22:07:44,917 - INFO - Loaded 1 employee records.
2026-09-04 22:07:44,918 - INFO - Loaded 1 employee records.
2026-09-04 22:07:44,921 - INFO - Loaded 1 employee records.
2026-09-04 22:07:44,921 - INFO - Employee statistics calculated.
2026-09-04 22:07:44,922 - INFO - Loaded 1 employee records.
2026-09-04 22:07:44,925 - INFO - Department analysis calculated.
2026-09-04 22:07:44,926 - INFO - Loaded 1 employee records.
2026-09-04 22:07:44,927 - INFO - Cleaned data created with 1 records.
2026-09-05 22:45:09,444 - INFO - Loaded 11 employee records.
2026-09-05 22:45:09,448 - INFO - Employee data sorted by salary.
2026-09-05 22:45:09,449 - INFO - Employee data sorted by salary.
2026-09-05 22:45:39,348 - INFO - Loaded 11 employee records.
2026-09-05 22:45:39,360 - INFO - Employee data filtered.
2026-09-05 22:45:39,361 - INFO - Employee data filtered.
2026-09-05 22:46:25,531 - INFO - Loaded 11 employee records.
2026-09-05 22:46:25,533 - INFO - Loaded 11 employee records.
2026-09-05 22:46:25,551 - INFO - Loaded 11 employee records.
2026-09-05 22:46:25,553 - INFO - Employee data filtered.
2026-09-05 22:46:25,556 - INFO - Loaded 11 employee records.
2026-09-05 22:46:25,564 - INFO - Department analysis calculated.
2026-09-05 22:46:25,567 - INFO - Loaded 11 employee records.
2026-09-05 22:46:25,567 - INFO - Employee data sorted by salary.
2026-09-05 22:46:25,571 - INFO - Loaded 11 employee records.
2026-09-05 22:46:25,572 - INFO - Employee statistics calculated.
